set terminal pdf size 28cm,18cm linewidth 2.0
set output "test.pdf"
# IMPORT-DATA test test.data
set key top right

# PLOT SELECT testsize AS x, FLOOR(bandwidth) AS y FROM test WHERE funcname='ScanWrite64PtrUnrollLoop' ORDER BY x
plot \
    'plot1-data.txt' index 0 with linespoints

## PLOT SELECT testsize AS x, FLOOR(bandwidth) AS y FROM test
## WHERE funcname='ScanRead64PtrUnrollLoop' ORDER BY x
plot \
    'plot1-data.txt' index 1 with linespoints

# indentation start

    ## PLOT SELECT testsize AS x, FLOOR(rate * 1e12) AS y FROM test
    ## WHERE funcname='ScanWrite64PtrUnrollLoop' ORDER BY x
    plot \
        'plot1-data.txt' index 2 with linespoints

    ## PLOT SELECT testsize AS x, FLOOR(rate * 1e12) AS y FROM test
    ## WHERE funcname='ScanRead64PtrUnrollLoop' ORDER BY x
    plot \
        'plot1-data.txt' index 3 with linespoints

# indentation end
quit
