line1
% IMPORT-DATA test test.data
line2
% TABULAR SELECT testsize AS x, bandwidth, rate * 1e12, areasize FROM test ORDER BY x, bandwidth LIMIT 10
1152 & 20004857425.2276 &   399.9028750843 & 1024 \\
1152 & 21256634665.4957 &  376.35308344391 & 1024 \\
2176 & 20059162540.3994 & 398.820239074683 & 2048 \\
2176 & 21206797610.8078 &  377.23753236193 & 2048 \\
3200 & 20101648154.6247 & 397.977317007187 & 3072 \\
3200 &  21256759869.173 & 376.350866700139 & 3072 \\
4224 & 20078735758.2602 &  398.43145984472 & 4096 \\
4224 & 21256469275.0109 & 376.356011739203 & 4096 \\
6272 & 20103335011.5598 & 397.943923005803 & 6144 \\
6272 & 21254940419.1323 & 376.383082814898 & 6144 \\
% END TABULAR SELECT testsize AS x, bandwidth, rate * 1e12, areasize FROM tes...
line3
indentation start
  % TABULAR SELECT testsize AS x, bandwidth, rate * 1e12, areasize FROM test ORDER BY x, bandwidth
         1152 & 20004857425.2276 &   399.9028750843 &        1024 \\ line1
         1152 & 21256634665.4957 &  376.35308344391 &        1024 \\[40pt]
         2176 & 20059162540.3994 & 398.820239074683 &        2048 \\[1pt]
         2176 & 21206797610.8078 &  377.23753236193 &        2048 \\ line4
         3200 & 20101648154.6247 & 397.977317007187 &        3072 \\ line5
         3200 &  21256759869.173 & 376.350866700139 &        3072 \\ line6
         4224 & 20078735758.2602 &  398.43145984472 &        4096 \\
         4224 & 21256469275.0109 & 376.356011739203 &        4096 \\
         6272 & 20103335011.5598 & 397.943923005803 &        6144 \\
         6272 & 21254940419.1323 & 376.383082814898 &        6144 \\
         8320 & 19844289277.2422 &   403.1386505323 &        8192 \\
         8320 & 21033549756.6485 & 380.344739359616 &        8192 \\
        12416 & 19934071922.0195 &  401.32292244632 &       12288 \\
        12416 & 21105216385.1656 & 379.053209121468 &       12288 \\
        16512 & 19970353548.0849 & 400.593809255178 &       16384 \\
        16512 & 21142325436.9814 & 378.387894172071 &       16384 \\
        20608 & 19997700036.2933 & 400.046004564575 &       20480 \\
        20608 & 21164943036.4111 & 377.983535615343 &       20480 \\
        24704 &  20017094792.628 & 399.658396129805 &       24576 \\
        24704 & 21177968064.6676 & 377.751065426661 &       24576 \\
        28800 & 20024361016.1429 & 399.513372414266 &       28672 \\
        28800 & 21188091979.1641 & 377.570571614802 &       28672 \\
        32896 & 19588722596.4003 & 408.398248565229 &       32768 \\
        32896 & 20167090530.7208 & 396.685877311529 &       32768 \\
        41088 & 13352542574.6502 & 599.136827707104 &       40960 \\
        41088 & 15434595485.8038 & 518.316142937346 &       40960 \\
        49280 & 13352656249.9688 & 599.131727068813 &       49152 \\
        49280 & 15445744156.6753 & 517.942024602459 &       49152 \\
        65664 & 13353218261.4253 & 599.106510758559 &       65536 \\
        65664 & 15470586592.3006 & 517.110321077382 &       65536 \\
        98432 & 13353616903.6735 & 599.088625778924 &       98304 \\
        98432 & 15476290580.9534 & 516.919733327156 &       98304 \\
       131200 &  13353488133.708 & 599.094402892808 &      131072 \\
       131200 & 15478200720.2804 & 516.855941111937 &      131072 \\
       196736 & 13353703915.8915 & 599.084722140624 &      196608 \\
       196736 & 15452726013.7487 & 517.708007822191 &      196608 \\
       262272 & 13353783611.6266 & 599.081146787097 &      262144 \\
       262272 & 15403930682.9299 & 519.347961547587 &      262144 \\
       393344 &  13354375997.764 & 599.054572174658 &      393216 \\
       393344 & 15424185515.1548 & 518.665960814573 &      393216 \\
       524416 & 13355357557.2646 &   599.0105443226 &      524288 \\
       524416 & 15423989946.1979 & 518.672537255645 &      524288 \\
       786560 & 13357098956.3436 & 598.932449789228 &      786432 \\
       786560 & 15426535975.6293 & 518.586934399162 &      786432 \\
      1048704 & 13322300787.0644 & 600.496875717426 &     1048576 \\
      1048704 & 15416610336.7218 &  518.92081496957 &     1048576 \\
      1310848 &   12599911132.91 & 634.925113011678 &     1310720 \\
      1310848 & 15270216963.0944 & 523.895634183502 &     1310720 \\
      1572992 & 12597385271.8788 & 635.052419795277 &     1572864 \\
      1572992 & 15269613288.0698 &  523.91634608392 &     1572864 \\
      1835136 & 12593497036.6629 & 635.248491877191 &     1835008 \\
      1835136 & 15269091481.3878 & 523.934250426856 &     1835008 \\
      2097280 & 11814282322.7844 & 677.146506357952 &     2097152 \\
      2097280 & 14380475033.7885 & 556.309856329718 &     2097152 \\
      2359424 & 11732158553.7429 & 681.886454513331 &     2359296 \\
      2359424 & 14310057139.6444 &  559.04738338444 &     2359296 \\
      2621568 & 11151421728.7912 & 717.397314402098 &     2621440 \\
      2621568 & 13667203078.2474 &  585.34287916836 &     2621440 \\
      2883712 & 9635555389.30854 & 830.258316907884 &     2883584 \\
      2883712 & 11857582908.2681 & 674.673756185314 &     2883584 \\
      3145856 & 8830491065.91348 & 905.951881983183 &     3145728 \\
      3145856 & 10975456216.8507 & 728.899085553962 &     3145728 \\
      4194432 & 5703033760.53049 & 1402.76216763196 &     4194304 \\
      4194432 &  7462653658.7736 & 1072.00472724534 &     4194304 \\
      5243008 & 3764860746.89853 & 2124.91258981899 &     5242880 \\
      5243008 & 5239989138.61415 & 1526.72072181352 &     5242880 \\
      6291584 & 2970821306.34189 & 2692.85802647308 &     6291456 \\
      6291584 &  4381387103.6521 &  1825.9057715607 &     6291456 \\
      7340160 & 2625465946.58095 & 3047.07818070088 &     7340032 \\
      7340160 & 4033162958.21711 & 1983.55486323728 &     7340032 \\
      8388736 & 2448731494.05388 & 3266.99763507185 &     8388608 \\
      8388736 & 3847558417.15857 & 2079.24068529361 &     8388608 \\
      9437312 & 2352617641.58758 & 3400.46757219822 &     9437184 \\
      9437312 & 3743372332.88487 & 2137.11041504512 &     9437184 \\
     10485888 & 2288649712.68308 & 3495.51089258708 &    10485760 \\
     10485888 & 3666709518.15135 & 2181.79268371206 &    10485760 \\
     12583040 & 2222953585.66713 & 3598.81558102759 &    12582912 \\
     12583040 & 3581563981.47956 & 2233.66106018722 &    12582912 \\
     14680192 & 2195411712.63918 & 3643.96343243651 &    14680064 \\
     14680192 & 3543382742.29812 & 2257.72957137887 &    14680064 \\
     16777344 & 2180601210.44056 & 3668.71299607493 &    16777216 \\
     16777344 & 3522084255.67083 & 2271.38234615466 &    16777216 \\
     20971648 & 2170401128.14407 & 3685.95458980473 &    20971520 \\
     20971648 &  3507422082.5562 & 2280.87746832272 &    20971520 \\
     25165952 & 2168353166.08944 & 3689.43589315193 &    25165824 \\
     25165952 & 3503128913.41201 & 2283.67273878257 &    25165824 \\
     29360256 & 2167406475.24193 & 3691.04738376635 &    29360128 \\
     29360256 & 3502572094.86426 & 2284.03578379734 &    29360128 \\
     33554560 & 2167236950.08917 & 3691.33610409827 &    33554432 \\
     33554560 & 3501908751.45112 & 2284.46843358924 &    33554432 \\
     67108992 & 2167069057.70639 & 3691.62208816138 &    67108864 \\
     67108992 & 3502477870.75888 & 2284.09722921865 &    67108864 \\
    134217856 & 2167397762.24908 & 3691.06222186854 &   134217728 \\
    134217856 & 3502216012.11693 & 2284.26800983197 &   134217728 \\
    268435584 & 2167170987.53228 & 3691.44845793154 &   268435456 \\
    268435584 & 3502080053.79103 & 2284.35669005908 &   268435456 \\
    536871040 & 2167207622.93776 & 3691.38605610643 &   536870912 \\
    536871040 & 3502124096.05625 & 2284.32796228118 &   536870912 \\
   1073741952 & 2167288244.29698 & 3691.24873954872 &  1073741824 \\
   1073741952 & 3501543006.02255 & 2284.70705235956 &  1073741824 \\
   2147483776 &  2167167763.2072 & 3691.45395009049 &  2147483648 \\
   2147483776 & 3501652699.61996 & 2284.63548108819 &  2147483648 \\
   4294967424 & 2167332378.84685 & 3691.17357267392 &  4294967296 \\
   4294967424 & 3501536124.01131 & 2284.71154278291 &  4294967296 \\
   8589934720 & 2167234766.24507 & 3691.33982372419 &  8589934592 \\
   8589934720 & 3501106948.86093 & 2284.99160889752 &  8589934592 \\
  17179869312 & 2166899399.72678 & 3691.91112471981 & 17179869184 \\
  17179869312 &  3500085763.9439 & 2285.65827798048 & 17179869184 \\
  % END TABULAR SELECT testsize AS x, bandwidth, rate * 1e12, areasize FROM tes...
indentation end
line4
