line1
% TEXTTABLE SELECT 5 + 2 AS f1, 6 * 9 AS x6x9, 'blah' AS f3
+----+------+------+
| f1 | x6x9 |   f3 |
+----+------+------+
|  7 |   54 | blah |
+----+------+------+
% END TEXTTABLE SELECT 5 + 2 AS f1, 6 * 9 AS x6x9, 'blah' AS f3
line2
% SQL SELECT 1
this is the end
